#-----------------------------------------------------------
# Vivado v2024.1 (64-bit)
# SW Build 5076996 on Wed May 22 18:37:14 MDT 2024
# IP Build 5075265 on Wed May 22 21:45:21 MDT 2024
# SharedData Build 5076995 on Wed May 22 18:29:18 MDT 2024
# Start of session at: Fri Jan 30 10:50:14 2026
# Process ID: 9888
# Current directory: C:/repos/FPGA/lab2/mat_mult/array_mult/hls/impl/verilog/project.runs/impl_1
# Command line: vivado.exe -log bd_0_wrapper.vdi -applog -product Vivado -messageDb vivado.pb -mode batch -source bd_0_wrapper.tcl -notrace
# Log file: C:/repos/FPGA/lab2/mat_mult/array_mult/hls/impl/verilog/project.runs/impl_1/bd_0_wrapper.vdi
# Journal file: C:/repos/FPGA/lab2/mat_mult/array_mult/hls/impl/verilog/project.runs/impl_1\vivado.jou
# Running On        :E10-E21C6500
# Platform          :Windows Server 2016 or Windows 10
# Operating System  :19045
# Processor Detail  :11th Gen Intel(R) Core(TM) i7-11700 @ 2.50GHz
# CPU Frequency     :2496 MHz
# CPU Physical cores:8
# CPU Logical cores :16
# Host memory       :34067 MB
# Swap memory       :5100 MB
# Total Virtual     :39167 MB
# Available Virtual :19629 MB
#-----------------------------------------------------------
source bd_0_wrapper.tcl -notrace
